---
created: "2019-08-18T08:58:39.598912Z"
creator: insta@0.10.1
source: parser/tests/parser.rs
expression: "format!(\"{}\" , e)"
---
Error: 0: at line 1, in TakeWhileMN:
a: #fff
    ^

1: at line 1, in Hex Value:
a: #fff
    ^

2: at line 1, in Declaration:
a: #fff
^


