---
created: "2019-08-18T08:03:48.560797Z"
creator: insta@0.10.1
source: parser/tests/parser.rs
expression: "format!(\"{}\" , e)"
---
Error: 0: at line 1:
something
         ^
expected ':', found 


1: at line 1, in Declaration:
something
^


